[2026-05-13 13:40:12] local.ERROR: SQLSTATE[42703]: Undefined column: 7 ERROR:  column "active" does not exist
LINE 1: ...rom "ldap_connections" where ("is_active" = $1 or "active" =...
                                                             ^
HINT:  Perhaps you meant to reference the column "ldap_connections.is_active". (Connection: pgsql, Host: 127.0.0.1, Port: 5432, Database: my_ldap_dashboard, SQL: select * from "ldap_connections" where ("is_active" = 1 or "active" = 1 or "enabled" = 1)) {"exception":"[object] (Illuminate\\Database\\QueryException(code: 42703): SQLSTATE[42703]: Undefined column: 7 ERROR:  column \"active\" does not exist
LINE 1: ...rom \"ldap_connections\" where (\"is_active\" = $1 or \"active\" =...
                                                             ^
HINT:  Perhaps you meant to reference the column \"ldap_connections.is_active\". (Connection: pgsql, Host: 127.0.0.1, Port: 5432, Database: my_ldap_dashboard, SQL: select * from \"ldap_connections\" where (\"is_active\" = 1 or \"active\" = 1 or \"enabled\" = 1)) at /opt/petra_iam_big_project/my_ldap_dashboard/vendor/laravel/framework/src/Illuminate/Database/Connection.php:841)
[stacktrace]
#0 /opt/petra_iam_big_project/my_ldap_dashboard/vendor/laravel/framework/src/Illuminate/Database/Connection.php(797): Illuminate\\Database\\Connection->runQueryCallback()
#1 /opt/petra_iam_big_project/my_ldap_dashboard/vendor/laravel/framework/src/Illuminate/Database/Connection.php(412): Illuminate\\Database\\Connection->run()
#2 /opt/petra_iam_big_project/my_ldap_dashboard/vendor/laravel/framework/src/Illuminate/Database/Query/Builder.php(3562): Illuminate\\Database\\Connection->select()
#3 /opt/petra_iam_big_project/my_ldap_dashboard/vendor/laravel/framework/src/Illuminate/Database/Query/Builder.php(3546): Illuminate\\Database\\Query\\Builder->runSelect()
#4 /opt/petra_iam_big_project/my_ldap_dashboard/vendor/laravel/framework/src/Illuminate/Database/Eloquent/Builder.php(907): Illuminate\\Database\\Query\\Builder->get()
#5 /opt/petra_iam_big_project/my_ldap_dashboard/vendor/laravel/framework/src/Illuminate/Database/Eloquent/Builder.php(889): Illuminate\\Database\\Eloquent\\Builder->getModels()
#6 /opt/petra_iam_big_project/my_ldap_dashboard/app/Jobs/Directory/SyncLdapSchemaEntriesJob.php(47): Illuminate\\Database\\Eloquent\\Builder->get()
#7 /opt/petra_iam_big_project/my_ldap_dashboard/vendor/laravel/framework/src/Illuminate/Container/BoundMethod.php(36): App\\Jobs\\Directory\\SyncLdapSchemaEntriesJob->handle()
#8 /opt/petra_iam_big_project/my_ldap_dashboard/vendor/laravel/framework/src/Illuminate/Container/Util.php(43): Illuminate\\Container\\BoundMethod::{closure:Illuminate\\Container\\BoundMethod::call():35}()
#9 /opt/petra_iam_big_project/my_ldap_dashboard/vendor/laravel/framework/src/Illuminate/Container/BoundMethod.php(96): Illuminate\\Container\\Util::unwrapIfClosure()
#10 /opt/petra_iam_big_project/my_ldap_dashboard/vendor/laravel/framework/src/Illuminate/Container/BoundMethod.php(35): Illuminate\\Container\\BoundMethod::callBoundMethod()
#11 /opt/petra_iam_big_project/my_ldap_dashboard/vendor/laravel/framework/src/Illuminate/Container/Container.php(799): Illuminate\\Container\\BoundMethod::call()
#12 /opt/petra_iam_big_project/my_ldap_dashboard/vendor/laravel/framework/src/Illuminate/Bus/Dispatcher.php(136): Illuminate\\Container\\Container->call()
#13 /opt/petra_iam_big_project/my_ldap_dashboard/vendor/laravel/framework/src/Illuminate/Pipeline/Pipeline.php(180): Illuminate\\Bus\\Dispatcher->{closure:Illuminate\\Bus\\Dispatcher::dispatchNow():133}()
#14 /opt/petra_iam_big_project/my_ldap_dashboard/vendor/laravel/framework/src/Illuminate/Pipeline/Pipeline.php(137): Illuminate\\Pipeline\\Pipeline->{closure:Illuminate\\Pipeline\\Pipeline::prepareDestination():178}()
#15 /opt/petra_iam_big_project/my_ldap_dashboard/vendor/laravel/framework/src/Illuminate/Bus/Dispatcher.php(140): Illuminate\\Pipeline\\Pipeline->then()
#16 /opt/petra_iam_big_project/my_ldap_dashboard/vendor/laravel/framework/src/Illuminate/Queue/CallQueuedHandler.php(153): Illuminate\\Bus\\Dispatcher->dispatchNow()
#17 /opt/petra_iam_big_project/my_ldap_dashboard/vendor/laravel/framework/src/Illuminate/Pipeline/Pipeline.php(180): Illuminate\\Queue\\CallQueuedHandler->{closure:Illuminate\\Queue\\CallQueuedHandler::dispatchThroughMiddleware():146}()
#18 /opt/petra_iam_big_project/my_ldap_dashboard/vendor/laravel/framework/src/Illuminate/Pipeline/Pipeline.php(137): Illuminate\\Pipeline\\Pipeline->{closure:Illuminate\\Pipeline\\Pipeline::prepareDestination():178}()
#19 /opt/petra_iam_big_project/my_ldap_dashboard/vendor/laravel/framework/src/Illuminate/Queue/CallQueuedHandler.php(146): Illuminate\\Pipeline\\Pipeline->then()
#20 /opt/petra_iam_big_project/my_ldap_dashboard/vendor/laravel/framework/src/Illuminate/Queue/CallQueuedHandler.php(84): Illuminate\\Queue\\CallQueuedHandler->dispatchThroughMiddleware()
#21 /opt/petra_iam_big_project/my_ldap_dashboard/vendor/laravel/framework/src/Illuminate/Queue/Jobs/Job.php(102): Illuminate\\Queue\\CallQueuedHandler->call()
#22 /opt/petra_iam_big_project/my_ldap_dashboard/vendor/laravel/framework/src/Illuminate/Queue/Worker.php(515): Illuminate\\Queue\\Jobs\\Job->fire()
#23 /opt/petra_iam_big_project/my_ldap_dashboard/vendor/laravel/framework/src/Illuminate/Queue/Worker.php(461): Illuminate\\Queue\\Worker->process()
#24 /opt/petra_iam_big_project/my_ldap_dashboard/vendor/laravel/framework/src/Illuminate/Queue/Worker.php(224): Illuminate\\Queue\\Worker->runJob()
#25 /opt/petra_iam_big_project/my_ldap_dashboard/vendor/laravel/framework/src/Illuminate/Queue/Console/WorkCommand.php(148): Illuminate\\Queue\\Worker->daemon()
#26 /opt/petra_iam_big_project/my_ldap_dashboard/vendor/laravel/framework/src/Illuminate/Queue/Console/WorkCommand.php(131): Illuminate\\Queue\\Console\\WorkCommand->runWorker()
#27 /opt/petra_iam_big_project/my_ldap_dashboard/vendor/laravel/framework/src/Illuminate/Container/BoundMethod.php(36): Illuminate\\Queue\\Console\\WorkCommand->handle()
#28 /opt/petra_iam_big_project/my_ldap_dashboard/vendor/laravel/framework/src/Illuminate/Container/Util.php(43): Illuminate\\Container\\BoundMethod::{closure:Illuminate\\Container\\BoundMethod::call():35}()
#29 /opt/petra_iam_big_project/my_ldap_dashboard/vendor/laravel/framework/src/Illuminate/Container/BoundMethod.php(96): Illuminate\\Container\\Util::unwrapIfClosure()
#30 /opt/petra_iam_big_project/my_ldap_dashboard/vendor/laravel/framework/src/Illuminate/Container/BoundMethod.php(35): Illuminate\\Container\\BoundMethod::callBoundMethod()
#31 /opt/petra_iam_big_project/my_ldap_dashboard/vendor/laravel/framework/src/Illuminate/Container/Container.php(799): Illuminate\\Container\\BoundMethod::call()
#32 /opt/petra_iam_big_project/my_ldap_dashboard/vendor/laravel/framework/src/Illuminate/Console/Command.php(280): Illuminate\\Container\\Container->call()
#33 /opt/petra_iam_big_project/my_ldap_dashboard/vendor/symfony/console/Command/Command.php(291): Illuminate\\Console\\Command->execute()
#34 /opt/petra_iam_big_project/my_ldap_dashboard/vendor/laravel/framework/src/Illuminate/Console/Command.php(249): Symfony\\Component\\Console\\Command\\Command->run()
#35 /opt/petra_iam_big_project/my_ldap_dashboard/vendor/symfony/console/Application.php(1107): Illuminate\\Console\\Command->run()
#36 /opt/petra_iam_big_project/my_ldap_dashboard/vendor/symfony/console/Application.php(356): Symfony\\Component\\Console\\Application->doRunCommand()
#37 /opt/petra_iam_big_project/my_ldap_dashboard/vendor/symfony/console/Application.php(195): Symfony\\Component\\Console\\Application->doRun()
#38 /opt/petra_iam_big_project/my_ldap_dashboard/vendor/laravel/framework/src/Illuminate/Foundation/Console/Kernel.php(198): Symfony\\Component\\Console\\Application->run()
#39 /opt/petra_iam_big_project/my_ldap_dashboard/vendor/laravel/framework/src/Illuminate/Foundation/Application.php(1235): Illuminate\\Foundation\\Console\\Kernel->handle()
#40 /opt/petra_iam_big_project/my_ldap_dashboard/artisan(16): Illuminate\\Foundation\\Application->handleCommand()
#41 {main}

[previous exception] [object] (PDOException(code: 42703): SQLSTATE[42703]: Undefined column: 7 ERROR:  column \"active\" does not exist
LINE 1: ...rom \"ldap_connections\" where (\"is_active\" = $1 or \"active\" =...
                                                             ^
HINT:  Perhaps you meant to reference the column \"ldap_connections.is_active\". at /opt/petra_iam_big_project/my_ldap_dashboard/vendor/laravel/framework/src/Illuminate/Database/Connection.php:426)
[stacktrace]
#0 /opt/petra_iam_big_project/my_ldap_dashboard/vendor/laravel/framework/src/Illuminate/Database/Connection.php(426): PDOStatement->execute()
#1 /opt/petra_iam_big_project/my_ldap_dashboard/vendor/laravel/framework/src/Illuminate/Database/Connection.php(830): Illuminate\\Database\\Connection->{closure:Illuminate\\Database\\Connection::select():412}()
#2 /opt/petra_iam_big_project/my_ldap_dashboard/vendor/laravel/framework/src/Illuminate/Database/Connection.php(797): Illuminate\\Database\\Connection->runQueryCallback()
#3 /opt/petra_iam_big_project/my_ldap_dashboard/vendor/laravel/framework/src/Illuminate/Database/Connection.php(412): Illuminate\\Database\\Connection->run()
#4 /opt/petra_iam_big_project/my_ldap_dashboard/vendor/laravel/framework/src/Illuminate/Database/Query/Builder.php(3562): Illuminate\\Database\\Connection->select()
#5 /opt/petra_iam_big_project/my_ldap_dashboard/vendor/laravel/framework/src/Illuminate/Database/Query/Builder.php(3546): Illuminate\\Database\\Query\\Builder->runSelect()
#6 /opt/petra_iam_big_project/my_ldap_dashboard/vendor/laravel/framework/src/Illuminate/Database/Eloquent/Builder.php(907): Illuminate\\Database\\Query\\Builder->get()
#7 /opt/petra_iam_big_project/my_ldap_dashboard/vendor/laravel/framework/src/Illuminate/Database/Eloquent/Builder.php(889): Illuminate\\Database\\Eloquent\\Builder->getModels()
#8 /opt/petra_iam_big_project/my_ldap_dashboard/app/Jobs/Directory/SyncLdapSchemaEntriesJob.php(47): Illuminate\\Database\\Eloquent\\Builder->get()
#9 /opt/petra_iam_big_project/my_ldap_dashboard/vendor/laravel/framework/src/Illuminate/Container/BoundMethod.php(36): App\\Jobs\\Directory\\SyncLdapSchemaEntriesJob->handle()
#10 /opt/petra_iam_big_project/my_ldap_dashboard/vendor/laravel/framework/src/Illuminate/Container/Util.php(43): Illuminate\\Container\\BoundMethod::{closure:Illuminate\\Container\\BoundMethod::call():35}()
#11 /opt/petra_iam_big_project/my_ldap_dashboard/vendor/laravel/framework/src/Illuminate/Container/BoundMethod.php(96): Illuminate\\Container\\Util::unwrapIfClosure()
#12 /opt/petra_iam_big_project/my_ldap_dashboard/vendor/laravel/framework/src/Illuminate/Container/BoundMethod.php(35): Illuminate\\Container\\BoundMethod::callBoundMethod()
#13 /opt/petra_iam_big_project/my_ldap_dashboard/vendor/laravel/framework/src/Illuminate/Container/Container.php(799): Illuminate\\Container\\BoundMethod::call()
#14 /opt/petra_iam_big_project/my_ldap_dashboard/vendor/laravel/framework/src/Illuminate/Bus/Dispatcher.php(136): Illuminate\\Container\\Container->call()
#15 /opt/petra_iam_big_project/my_ldap_dashboard/vendor/laravel/framework/src/Illuminate/Pipeline/Pipeline.php(180): Illuminate\\Bus\\Dispatcher->{closure:Illuminate\\Bus\\Dispatcher::dispatchNow():133}()
#16 /opt/petra_iam_big_project/my_ldap_dashboard/vendor/laravel/framework/src/Illuminate/Pipeline/Pipeline.php(137): Illuminate\\Pipeline\\Pipeline->{closure:Illuminate\\Pipeline\\Pipeline::prepareDestination():178}()
#17 /opt/petra_iam_big_project/my_ldap_dashboard/vendor/laravel/framework/src/Illuminate/Bus/Dispatcher.php(140): Illuminate\\Pipeline\\Pipeline->then()
#18 /opt/petra_iam_big_project/my_ldap_dashboard/vendor/laravel/framework/src/Illuminate/Queue/CallQueuedHandler.php(153): Illuminate\\Bus\\Dispatcher->dispatchNow()
#19 /opt/petra_iam_big_project/my_ldap_dashboard/vendor/laravel/framework/src/Illuminate/Pipeline/Pipeline.php(180): Illuminate\\Queue\\CallQueuedHandler->{closure:Illuminate\\Queue\\CallQueuedHandler::dispatchThroughMiddleware():146}()
#20 /opt/petra_iam_big_project/my_ldap_dashboard/vendor/laravel/framework/src/Illuminate/Pipeline/Pipeline.php(137): Illuminate\\Pipeline\\Pipeline->{closure:Illuminate\\Pipeline\\Pipeline::prepareDestination():178}()
#21 /opt/petra_iam_big_project/my_ldap_dashboard/vendor/laravel/framework/src/Illuminate/Queue/CallQueuedHandler.php(146): Illuminate\\Pipeline\\Pipeline->then()
#22 /opt/petra_iam_big_project/my_ldap_dashboard/vendor/laravel/framework/src/Illuminate/Queue/CallQueuedHandler.php(84): Illuminate\\Queue\\CallQueuedHandler->dispatchThroughMiddleware()
#23 /opt/petra_iam_big_project/my_ldap_dashboard/vendor/laravel/framework/src/Illuminate/Queue/Jobs/Job.php(102): Illuminate\\Queue\\CallQueuedHandler->call()
#24 /opt/petra_iam_big_project/my_ldap_dashboard/vendor/laravel/framework/src/Illuminate/Queue/Worker.php(515): Illuminate\\Queue\\Jobs\\Job->fire()
#25 /opt/petra_iam_big_project/my_ldap_dashboard/vendor/laravel/framework/src/Illuminate/Queue/Worker.php(461): Illuminate\\Queue\\Worker->process()
#26 /opt/petra_iam_big_project/my_ldap_dashboard/vendor/laravel/framework/src/Illuminate/Queue/Worker.php(224): Illuminate\\Queue\\Worker->runJob()
#27 /opt/petra_iam_big_project/my_ldap_dashboard/vendor/laravel/framework/src/Illuminate/Queue/Console/WorkCommand.php(148): Illuminate\\Queue\\Worker->daemon()
#28 /opt/petra_iam_big_project/my_ldap_dashboard/vendor/laravel/framework/src/Illuminate/Queue/Console/WorkCommand.php(131): Illuminate\\Queue\\Console\\WorkCommand->runWorker()
#29 /opt/petra_iam_big_project/my_ldap_dashboard/vendor/laravel/framework/src/Illuminate/Container/BoundMethod.php(36): Illuminate\\Queue\\Console\\WorkCommand->handle()
#30 /opt/petra_iam_big_project/my_ldap_dashboard/vendor/laravel/framework/src/Illuminate/Container/Util.php(43): Illuminate\\Container\\BoundMethod::{closure:Illuminate\\Container\\BoundMethod::call():35}()
#31 /opt/petra_iam_big_project/my_ldap_dashboard/vendor/laravel/framework/src/Illuminate/Container/BoundMethod.php(96): Illuminate\\Container\\Util::unwrapIfClosure()
#32 /opt/petra_iam_big_project/my_ldap_dashboard/vendor/laravel/framework/src/Illuminate/Container/BoundMethod.php(35): Illuminate\\Container\\BoundMethod::callBoundMethod()
#33 /opt/petra_iam_big_project/my_ldap_dashboard/vendor/laravel/framework/src/Illuminate/Container/Container.php(799): Illuminate\\Container\\BoundMethod::call()
#34 /opt/petra_iam_big_project/my_ldap_dashboard/vendor/laravel/framework/src/Illuminate/Console/Command.php(280): Illuminate\\Container\\Container->call()
#35 /opt/petra_iam_big_project/my_ldap_dashboard/vendor/symfony/console/Command/Command.php(291): Illuminate\\Console\\Command->execute()
#36 /opt/petra_iam_big_project/my_ldap_dashboard/vendor/laravel/framework/src/Illuminate/Console/Command.php(249): Symfony\\Component\\Console\\Command\\Command->run()
#37 /opt/petra_iam_big_project/my_ldap_dashboard/vendor/symfony/console/Application.php(1107): Illuminate\\Console\\Command->run()
#38 /opt/petra_iam_big_project/my_ldap_dashboard/vendor/symfony/console/Application.php(356): Symfony\\Component\\Console\\Application->doRunCommand()
#39 /opt/petra_iam_big_project/my_ldap_dashboard/vendor/symfony/console/Application.php(195): Symfony\\Component\\Console\\Application->doRun()
#40 /opt/petra_iam_big_project/my_ldap_dashboard/vendor/laravel/framework/src/Illuminate/Foundation/Console/Kernel.php(198): Symfony\\Component\\Console\\Application->run()
#41 /opt/petra_iam_big_project/my_ldap_dashboard/vendor/laravel/framework/src/Illuminate/Foundation/Application.php(1235): Illuminate\\Foundation\\Console\\Kernel->handle()
#42 /opt/petra_iam_big_project/my_ldap_dashboard/artisan(16): Illuminate\\Foundation\\Application->handleCommand()
#43 {main}
"} 
[2026-05-13 13:43:10] local.ERROR: SQLSTATE[42703]: Undefined column: 7 ERROR:  column "active" does not exist
LINE 1: ...rom "ldap_connections" where ("is_active" = $1 or "active" =...
                                                             ^
HINT:  Perhaps you meant to reference the column "ldap_connections.is_active". (Connection: pgsql, Host: 127.0.0.1, Port: 5432, Database: my_ldap_dashboard, SQL: select * from "ldap_connections" where ("is_active" = 1 or "active" = 1 or "enabled" = 1)) {"exception":"[object] (Illuminate\\Database\\QueryException(code: 42703): SQLSTATE[42703]: Undefined column: 7 ERROR:  column \"active\" does not exist
LINE 1: ...rom \"ldap_connections\" where (\"is_active\" = $1 or \"active\" =...
                                                             ^
HINT:  Perhaps you meant to reference the column \"ldap_connections.is_active\". (Connection: pgsql, Host: 127.0.0.1, Port: 5432, Database: my_ldap_dashboard, SQL: select * from \"ldap_connections\" where (\"is_active\" = 1 or \"active\" = 1 or \"enabled\" = 1)) at /opt/petra_iam_big_project/my_ldap_dashboard/vendor/laravel/framework/src/Illuminate/Database/Connection.php:841)
[stacktrace]
#0 /opt/petra_iam_big_project/my_ldap_dashboard/vendor/laravel/framework/src/Illuminate/Database/Connection.php(797): Illuminate\\Database\\Connection->runQueryCallback()
#1 /opt/petra_iam_big_project/my_ldap_dashboard/vendor/laravel/framework/src/Illuminate/Database/Connection.php(412): Illuminate\\Database\\Connection->run()
#2 /opt/petra_iam_big_project/my_ldap_dashboard/vendor/laravel/framework/src/Illuminate/Database/Query/Builder.php(3562): Illuminate\\Database\\Connection->select()
#3 /opt/petra_iam_big_project/my_ldap_dashboard/vendor/laravel/framework/src/Illuminate/Database/Query/Builder.php(3546): Illuminate\\Database\\Query\\Builder->runSelect()
#4 /opt/petra_iam_big_project/my_ldap_dashboard/vendor/laravel/framework/src/Illuminate/Database/Eloquent/Builder.php(907): Illuminate\\Database\\Query\\Builder->get()
#5 /opt/petra_iam_big_project/my_ldap_dashboard/vendor/laravel/framework/src/Illuminate/Database/Eloquent/Builder.php(889): Illuminate\\Database\\Eloquent\\Builder->getModels()
#6 /opt/petra_iam_big_project/my_ldap_dashboard/app/Jobs/Directory/SyncLdapSchemaEntriesJob.php(47): Illuminate\\Database\\Eloquent\\Builder->get()
#7 /opt/petra_iam_big_project/my_ldap_dashboard/vendor/laravel/framework/src/Illuminate/Container/BoundMethod.php(36): App\\Jobs\\Directory\\SyncLdapSchemaEntriesJob->handle()
#8 /opt/petra_iam_big_project/my_ldap_dashboard/vendor/laravel/framework/src/Illuminate/Container/Util.php(43): Illuminate\\Container\\BoundMethod::{closure:Illuminate\\Container\\BoundMethod::call():35}()
#9 /opt/petra_iam_big_project/my_ldap_dashboard/vendor/laravel/framework/src/Illuminate/Container/BoundMethod.php(96): Illuminate\\Container\\Util::unwrapIfClosure()
#10 /opt/petra_iam_big_project/my_ldap_dashboard/vendor/laravel/framework/src/Illuminate/Container/BoundMethod.php(35): Illuminate\\Container\\BoundMethod::callBoundMethod()
#11 /opt/petra_iam_big_project/my_ldap_dashboard/vendor/laravel/framework/src/Illuminate/Container/Container.php(799): Illuminate\\Container\\BoundMethod::call()
#12 /opt/petra_iam_big_project/my_ldap_dashboard/vendor/laravel/framework/src/Illuminate/Bus/Dispatcher.php(136): Illuminate\\Container\\Container->call()
#13 /opt/petra_iam_big_project/my_ldap_dashboard/vendor/laravel/framework/src/Illuminate/Pipeline/Pipeline.php(180): Illuminate\\Bus\\Dispatcher->{closure:Illuminate\\Bus\\Dispatcher::dispatchNow():133}()
#14 /opt/petra_iam_big_project/my_ldap_dashboard/vendor/laravel/framework/src/Illuminate/Pipeline/Pipeline.php(137): Illuminate\\Pipeline\\Pipeline->{closure:Illuminate\\Pipeline\\Pipeline::prepareDestination():178}()
#15 /opt/petra_iam_big_project/my_ldap_dashboard/vendor/laravel/framework/src/Illuminate/Bus/Dispatcher.php(140): Illuminate\\Pipeline\\Pipeline->then()
#16 /opt/petra_iam_big_project/my_ldap_dashboard/vendor/laravel/framework/src/Illuminate/Queue/CallQueuedHandler.php(153): Illuminate\\Bus\\Dispatcher->dispatchNow()
#17 /opt/petra_iam_big_project/my_ldap_dashboard/vendor/laravel/framework/src/Illuminate/Pipeline/Pipeline.php(180): Illuminate\\Queue\\CallQueuedHandler->{closure:Illuminate\\Queue\\CallQueuedHandler::dispatchThroughMiddleware():146}()
#18 /opt/petra_iam_big_project/my_ldap_dashboard/vendor/laravel/framework/src/Illuminate/Pipeline/Pipeline.php(137): Illuminate\\Pipeline\\Pipeline->{closure:Illuminate\\Pipeline\\Pipeline::prepareDestination():178}()
#19 /opt/petra_iam_big_project/my_ldap_dashboard/vendor/laravel/framework/src/Illuminate/Queue/CallQueuedHandler.php(146): Illuminate\\Pipeline\\Pipeline->then()
#20 /opt/petra_iam_big_project/my_ldap_dashboard/vendor/laravel/framework/src/Illuminate/Queue/CallQueuedHandler.php(84): Illuminate\\Queue\\CallQueuedHandler->dispatchThroughMiddleware()
#21 /opt/petra_iam_big_project/my_ldap_dashboard/vendor/laravel/framework/src/Illuminate/Queue/Jobs/Job.php(102): Illuminate\\Queue\\CallQueuedHandler->call()
#22 /opt/petra_iam_big_project/my_ldap_dashboard/vendor/laravel/framework/src/Illuminate/Queue/Worker.php(515): Illuminate\\Queue\\Jobs\\Job->fire()
#23 /opt/petra_iam_big_project/my_ldap_dashboard/vendor/laravel/framework/src/Illuminate/Queue/Worker.php(461): Illuminate\\Queue\\Worker->process()
#24 /opt/petra_iam_big_project/my_ldap_dashboard/vendor/laravel/framework/src/Illuminate/Queue/Worker.php(224): Illuminate\\Queue\\Worker->runJob()
#25 /opt/petra_iam_big_project/my_ldap_dashboard/vendor/laravel/framework/src/Illuminate/Queue/Console/WorkCommand.php(148): Illuminate\\Queue\\Worker->daemon()
#26 /opt/petra_iam_big_project/my_ldap_dashboard/vendor/laravel/framework/src/Illuminate/Queue/Console/WorkCommand.php(131): Illuminate\\Queue\\Console\\WorkCommand->runWorker()
#27 /opt/petra_iam_big_project/my_ldap_dashboard/vendor/laravel/framework/src/Illuminate/Container/BoundMethod.php(36): Illuminate\\Queue\\Console\\WorkCommand->handle()
#28 /opt/petra_iam_big_project/my_ldap_dashboard/vendor/laravel/framework/src/Illuminate/Container/Util.php(43): Illuminate\\Container\\BoundMethod::{closure:Illuminate\\Container\\BoundMethod::call():35}()
#29 /opt/petra_iam_big_project/my_ldap_dashboard/vendor/laravel/framework/src/Illuminate/Container/BoundMethod.php(96): Illuminate\\Container\\Util::unwrapIfClosure()
#30 /opt/petra_iam_big_project/my_ldap_dashboard/vendor/laravel/framework/src/Illuminate/Container/BoundMethod.php(35): Illuminate\\Container\\BoundMethod::callBoundMethod()
#31 /opt/petra_iam_big_project/my_ldap_dashboard/vendor/laravel/framework/src/Illuminate/Container/Container.php(799): Illuminate\\Container\\BoundMethod::call()
#32 /opt/petra_iam_big_project/my_ldap_dashboard/vendor/laravel/framework/src/Illuminate/Console/Command.php(280): Illuminate\\Container\\Container->call()
#33 /opt/petra_iam_big_project/my_ldap_dashboard/vendor/symfony/console/Command/Command.php(291): Illuminate\\Console\\Command->execute()
#34 /opt/petra_iam_big_project/my_ldap_dashboard/vendor/laravel/framework/src/Illuminate/Console/Command.php(249): Symfony\\Component\\Console\\Command\\Command->run()
#35 /opt/petra_iam_big_project/my_ldap_dashboard/vendor/symfony/console/Application.php(1107): Illuminate\\Console\\Command->run()
#36 /opt/petra_iam_big_project/my_ldap_dashboard/vendor/symfony/console/Application.php(356): Symfony\\Component\\Console\\Application->doRunCommand()
#37 /opt/petra_iam_big_project/my_ldap_dashboard/vendor/symfony/console/Application.php(195): Symfony\\Component\\Console\\Application->doRun()
#38 /opt/petra_iam_big_project/my_ldap_dashboard/vendor/laravel/framework/src/Illuminate/Foundation/Console/Kernel.php(198): Symfony\\Component\\Console\\Application->run()
#39 /opt/petra_iam_big_project/my_ldap_dashboard/vendor/laravel/framework/src/Illuminate/Foundation/Application.php(1235): Illuminate\\Foundation\\Console\\Kernel->handle()
#40 /opt/petra_iam_big_project/my_ldap_dashboard/artisan(16): Illuminate\\Foundation\\Application->handleCommand()
#41 {main}

[previous exception] [object] (PDOException(code: 42703): SQLSTATE[42703]: Undefined column: 7 ERROR:  column \"active\" does not exist
LINE 1: ...rom \"ldap_connections\" where (\"is_active\" = $1 or \"active\" =...
                                                             ^
HINT:  Perhaps you meant to reference the column \"ldap_connections.is_active\". at /opt/petra_iam_big_project/my_ldap_dashboard/vendor/laravel/framework/src/Illuminate/Database/Connection.php:426)
[stacktrace]
#0 /opt/petra_iam_big_project/my_ldap_dashboard/vendor/laravel/framework/src/Illuminate/Database/Connection.php(426): PDOStatement->execute()
#1 /opt/petra_iam_big_project/my_ldap_dashboard/vendor/laravel/framework/src/Illuminate/Database/Connection.php(830): Illuminate\\Database\\Connection->{closure:Illuminate\\Database\\Connection::select():412}()
#2 /opt/petra_iam_big_project/my_ldap_dashboard/vendor/laravel/framework/src/Illuminate/Database/Connection.php(797): Illuminate\\Database\\Connection->runQueryCallback()
#3 /opt/petra_iam_big_project/my_ldap_dashboard/vendor/laravel/framework/src/Illuminate/Database/Connection.php(412): Illuminate\\Database\\Connection->run()
#4 /opt/petra_iam_big_project/my_ldap_dashboard/vendor/laravel/framework/src/Illuminate/Database/Query/Builder.php(3562): Illuminate\\Database\\Connection->select()
#5 /opt/petra_iam_big_project/my_ldap_dashboard/vendor/laravel/framework/src/Illuminate/Database/Query/Builder.php(3546): Illuminate\\Database\\Query\\Builder->runSelect()
#6 /opt/petra_iam_big_project/my_ldap_dashboard/vendor/laravel/framework/src/Illuminate/Database/Eloquent/Builder.php(907): Illuminate\\Database\\Query\\Builder->get()
#7 /opt/petra_iam_big_project/my_ldap_dashboard/vendor/laravel/framework/src/Illuminate/Database/Eloquent/Builder.php(889): Illuminate\\Database\\Eloquent\\Builder->getModels()
#8 /opt/petra_iam_big_project/my_ldap_dashboard/app/Jobs/Directory/SyncLdapSchemaEntriesJob.php(47): Illuminate\\Database\\Eloquent\\Builder->get()
#9 /opt/petra_iam_big_project/my_ldap_dashboard/vendor/laravel/framework/src/Illuminate/Container/BoundMethod.php(36): App\\Jobs\\Directory\\SyncLdapSchemaEntriesJob->handle()
#10 /opt/petra_iam_big_project/my_ldap_dashboard/vendor/laravel/framework/src/Illuminate/Container/Util.php(43): Illuminate\\Container\\BoundMethod::{closure:Illuminate\\Container\\BoundMethod::call():35}()
#11 /opt/petra_iam_big_project/my_ldap_dashboard/vendor/laravel/framework/src/Illuminate/Container/BoundMethod.php(96): Illuminate\\Container\\Util::unwrapIfClosure()
#12 /opt/petra_iam_big_project/my_ldap_dashboard/vendor/laravel/framework/src/Illuminate/Container/BoundMethod.php(35): Illuminate\\Container\\BoundMethod::callBoundMethod()
#13 /opt/petra_iam_big_project/my_ldap_dashboard/vendor/laravel/framework/src/Illuminate/Container/Container.php(799): Illuminate\\Container\\BoundMethod::call()
#14 /opt/petra_iam_big_project/my_ldap_dashboard/vendor/laravel/framework/src/Illuminate/Bus/Dispatcher.php(136): Illuminate\\Container\\Container->call()
#15 /opt/petra_iam_big_project/my_ldap_dashboard/vendor/laravel/framework/src/Illuminate/Pipeline/Pipeline.php(180): Illuminate\\Bus\\Dispatcher->{closure:Illuminate\\Bus\\Dispatcher::dispatchNow():133}()
#16 /opt/petra_iam_big_project/my_ldap_dashboard/vendor/laravel/framework/src/Illuminate/Pipeline/Pipeline.php(137): Illuminate\\Pipeline\\Pipeline->{closure:Illuminate\\Pipeline\\Pipeline::prepareDestination():178}()
#17 /opt/petra_iam_big_project/my_ldap_dashboard/vendor/laravel/framework/src/Illuminate/Bus/Dispatcher.php(140): Illuminate\\Pipeline\\Pipeline->then()
#18 /opt/petra_iam_big_project/my_ldap_dashboard/vendor/laravel/framework/src/Illuminate/Queue/CallQueuedHandler.php(153): Illuminate\\Bus\\Dispatcher->dispatchNow()
#19 /opt/petra_iam_big_project/my_ldap_dashboard/vendor/laravel/framework/src/Illuminate/Pipeline/Pipeline.php(180): Illuminate\\Queue\\CallQueuedHandler->{closure:Illuminate\\Queue\\CallQueuedHandler::dispatchThroughMiddleware():146}()
#20 /opt/petra_iam_big_project/my_ldap_dashboard/vendor/laravel/framework/src/Illuminate/Pipeline/Pipeline.php(137): Illuminate\\Pipeline\\Pipeline->{closure:Illuminate\\Pipeline\\Pipeline::prepareDestination():178}()
#21 /opt/petra_iam_big_project/my_ldap_dashboard/vendor/laravel/framework/src/Illuminate/Queue/CallQueuedHandler.php(146): Illuminate\\Pipeline\\Pipeline->then()
#22 /opt/petra_iam_big_project/my_ldap_dashboard/vendor/laravel/framework/src/Illuminate/Queue/CallQueuedHandler.php(84): Illuminate\\Queue\\CallQueuedHandler->dispatchThroughMiddleware()
#23 /opt/petra_iam_big_project/my_ldap_dashboard/vendor/laravel/framework/src/Illuminate/Queue/Jobs/Job.php(102): Illuminate\\Queue\\CallQueuedHandler->call()
#24 /opt/petra_iam_big_project/my_ldap_dashboard/vendor/laravel/framework/src/Illuminate/Queue/Worker.php(515): Illuminate\\Queue\\Jobs\\Job->fire()
#25 /opt/petra_iam_big_project/my_ldap_dashboard/vendor/laravel/framework/src/Illuminate/Queue/Worker.php(461): Illuminate\\Queue\\Worker->process()
#26 /opt/petra_iam_big_project/my_ldap_dashboard/vendor/laravel/framework/src/Illuminate/Queue/Worker.php(224): Illuminate\\Queue\\Worker->runJob()
#27 /opt/petra_iam_big_project/my_ldap_dashboard/vendor/laravel/framework/src/Illuminate/Queue/Console/WorkCommand.php(148): Illuminate\\Queue\\Worker->daemon()
#28 /opt/petra_iam_big_project/my_ldap_dashboard/vendor/laravel/framework/src/Illuminate/Queue/Console/WorkCommand.php(131): Illuminate\\Queue\\Console\\WorkCommand->runWorker()
#29 /opt/petra_iam_big_project/my_ldap_dashboard/vendor/laravel/framework/src/Illuminate/Container/BoundMethod.php(36): Illuminate\\Queue\\Console\\WorkCommand->handle()
#30 /opt/petra_iam_big_project/my_ldap_dashboard/vendor/laravel/framework/src/Illuminate/Container/Util.php(43): Illuminate\\Container\\BoundMethod::{closure:Illuminate\\Container\\BoundMethod::call():35}()
#31 /opt/petra_iam_big_project/my_ldap_dashboard/vendor/laravel/framework/src/Illuminate/Container/BoundMethod.php(96): Illuminate\\Container\\Util::unwrapIfClosure()
#32 /opt/petra_iam_big_project/my_ldap_dashboard/vendor/laravel/framework/src/Illuminate/Container/BoundMethod.php(35): Illuminate\\Container\\BoundMethod::callBoundMethod()
#33 /opt/petra_iam_big_project/my_ldap_dashboard/vendor/laravel/framework/src/Illuminate/Container/Container.php(799): Illuminate\\Container\\BoundMethod::call()
#34 /opt/petra_iam_big_project/my_ldap_dashboard/vendor/laravel/framework/src/Illuminate/Console/Command.php(280): Illuminate\\Container\\Container->call()
#35 /opt/petra_iam_big_project/my_ldap_dashboard/vendor/symfony/console/Command/Command.php(291): Illuminate\\Console\\Command->execute()
#36 /opt/petra_iam_big_project/my_ldap_dashboard/vendor/laravel/framework/src/Illuminate/Console/Command.php(249): Symfony\\Component\\Console\\Command\\Command->run()
#37 /opt/petra_iam_big_project/my_ldap_dashboard/vendor/symfony/console/Application.php(1107): Illuminate\\Console\\Command->run()
#38 /opt/petra_iam_big_project/my_ldap_dashboard/vendor/symfony/console/Application.php(356): Symfony\\Component\\Console\\Application->doRunCommand()
#39 /opt/petra_iam_big_project/my_ldap_dashboard/vendor/symfony/console/Application.php(195): Symfony\\Component\\Console\\Application->doRun()
#40 /opt/petra_iam_big_project/my_ldap_dashboard/vendor/laravel/framework/src/Illuminate/Foundation/Console/Kernel.php(198): Symfony\\Component\\Console\\Application->run()
#41 /opt/petra_iam_big_project/my_ldap_dashboard/vendor/laravel/framework/src/Illuminate/Foundation/Application.php(1235): Illuminate\\Foundation\\Console\\Kernel->handle()
#42 /opt/petra_iam_big_project/my_ldap_dashboard/artisan(16): Illuminate\\Foundation\\Application->handleCommand()
#43 {main}
"} 
