[2026-05-13 12:24:36] local.ERROR: SQLSTATE[23502]: Not null violation: 7 ERROR:  null value in column "uuid" of relation "ldap_schema_entries" violates not-null constraint
DETAIL:  Failing row contains (520, null, 2, ldap_syntax, 1.3.6.1.4.1.1466.115.121.1.4, 1.3.6.1.4.1.1466.115.121.1.4, 1.3.6.1.4.1.1466.115.121.1.4, Audio, null, syntax, f, f, f, 1.3.6.1.4.1.1466.115.121.1.4, null, null, null, [], [], [], null, null, ( 1.3.6.1.4.1.1466.115.121.1.4 DESC 'Audio' X-NOT-HUMAN-READABLE..., ldapSyntaxes, active, 7954374313cee39ff95c96efb4ac395f801a2037, 2026-05-13 12:24:36, 2026-05-13 12:24:36, null, null, 2026-05-13 12:24:36, 2026-05-13 12:24:36, 1.3.6.1.4.1.1466.115.121.1.4, Audio, null, [], cn=Subschema, 1, 7954374313cee39ff95c96efb4ac395f801a2037). (Connection: pgsql, Host: 127.0.0.1, Port: 5432, Database: my_ldap_dashboard, SQL: insert into "ldap_schema_entries" ("ldap_connection_id", "schema_type", "primary_name", "name", "display_name", "names", "oid", "kind", "superior", "syntax_oid", "syntax_description", "equality_rule", "ordering_rule", "substring_rule", "substr_rule", "is_single_value", "is_operational", "is_obsolete", "must_attributes", "may_attributes", "applies_to_attributes", "raw_definition", "source", "source_dn", "value_index", "source_hash", "definition_hash", "status", "description", "last_seen_at", "last_synced_at", "updated_at", "created_at") values (2, ldap_syntax, 1.3.6.1.4.1.1466.115.121.1.4, 1.3.6.1.4.1.1466.115.121.1.4, 1.3.6.1.4.1.1466.115.121.1.4, [], 1.3.6.1.4.1.1466.115.121.1.4, syntax, ?, 1.3.6.1.4.1.1466.115.121.1.4, Audio, ?, ?, ?, ?, 0, 0, 0, [], [], [], ( 1.3.6.1.4.1.1466.115.121.1.4 DESC 'Audio' X-NOT-HUMAN-READABLE 'TRUE' ), ldapSyntaxes, cn=Subschema, 1, 7954374313cee39ff95c96efb4ac395f801a2037, 7954374313cee39ff95c96efb4ac395f801a2037, active, Audio, 2026-05-13 12:24:36, 2026-05-13 12:24:36, 2026-05-13 12:24:36, 2026-05-13 12:24:36)) {"exception":"[object] (Illuminate\\Database\\QueryException(code: 23502): SQLSTATE[23502]: Not null violation: 7 ERROR:  null value in column \"uuid\" of relation \"ldap_schema_entries\" violates not-null constraint
DETAIL:  Failing row contains (520, null, 2, ldap_syntax, 1.3.6.1.4.1.1466.115.121.1.4, 1.3.6.1.4.1.1466.115.121.1.4, 1.3.6.1.4.1.1466.115.121.1.4, Audio, null, syntax, f, f, f, 1.3.6.1.4.1.1466.115.121.1.4, null, null, null, [], [], [], null, null, ( 1.3.6.1.4.1.1466.115.121.1.4 DESC 'Audio' X-NOT-HUMAN-READABLE..., ldapSyntaxes, active, 7954374313cee39ff95c96efb4ac395f801a2037, 2026-05-13 12:24:36, 2026-05-13 12:24:36, null, null, 2026-05-13 12:24:36, 2026-05-13 12:24:36, 1.3.6.1.4.1.1466.115.121.1.4, Audio, null, [], cn=Subschema, 1, 7954374313cee39ff95c96efb4ac395f801a2037). (Connection: pgsql, Host: 127.0.0.1, Port: 5432, Database: my_ldap_dashboard, SQL: insert into \"ldap_schema_entries\" (\"ldap_connection_id\", \"schema_type\", \"primary_name\", \"name\", \"display_name\", \"names\", \"oid\", \"kind\", \"superior\", \"syntax_oid\", \"syntax_description\", \"equality_rule\", \"ordering_rule\", \"substring_rule\", \"substr_rule\", \"is_single_value\", \"is_operational\", \"is_obsolete\", \"must_attributes\", \"may_attributes\", \"applies_to_attributes\", \"raw_definition\", \"source\", \"source_dn\", \"value_index\", \"source_hash\", \"definition_hash\", \"status\", \"description\", \"last_seen_at\", \"last_synced_at\", \"updated_at\", \"created_at\") values (2, ldap_syntax, 1.3.6.1.4.1.1466.115.121.1.4, 1.3.6.1.4.1.1466.115.121.1.4, 1.3.6.1.4.1.1466.115.121.1.4, [], 1.3.6.1.4.1.1466.115.121.1.4, syntax, ?, 1.3.6.1.4.1.1466.115.121.1.4, Audio, ?, ?, ?, ?, 0, 0, 0, [], [], [], ( 1.3.6.1.4.1.1466.115.121.1.4 DESC 'Audio' X-NOT-HUMAN-READABLE 'TRUE' ), ldapSyntaxes, cn=Subschema, 1, 7954374313cee39ff95c96efb4ac395f801a2037, 7954374313cee39ff95c96efb4ac395f801a2037, active, Audio, 2026-05-13 12:24:36, 2026-05-13 12:24:36, 2026-05-13 12:24:36, 2026-05-13 12:24:36)) at /opt/petra_iam_big_project/my_ldap_dashboard/vendor/laravel/framework/src/Illuminate/Database/Connection.php:841)
[stacktrace]
#0 /opt/petra_iam_big_project/my_ldap_dashboard/vendor/laravel/framework/src/Illuminate/Database/Connection.php(797): Illuminate\\Database\\Connection->runQueryCallback()
#1 /opt/petra_iam_big_project/my_ldap_dashboard/vendor/laravel/framework/src/Illuminate/Database/Connection.php(576): Illuminate\\Database\\Connection->run()
#2 /opt/petra_iam_big_project/my_ldap_dashboard/vendor/laravel/framework/src/Illuminate/Database/Connection.php(540): Illuminate\\Database\\Connection->statement()
#3 /opt/petra_iam_big_project/my_ldap_dashboard/vendor/laravel/framework/src/Illuminate/Database/Query/Builder.php(4153): Illuminate\\Database\\Connection->insert()
#4 /opt/petra_iam_big_project/my_ldap_dashboard/app/Console/Commands/IamSyncLdapSchemaDirectCommand.php(340): Illuminate\\Database\\Query\\Builder->insert()
#5 /opt/petra_iam_big_project/my_ldap_dashboard/app/Console/Commands/IamSyncLdapSchemaDirectCommand.php(54): App\\Console\\Commands\\IamSyncLdapSchemaDirectCommand->storeRow()
#6 /opt/petra_iam_big_project/my_ldap_dashboard/vendor/laravel/framework/src/Illuminate/Container/BoundMethod.php(36): App\\Console\\Commands\\IamSyncLdapSchemaDirectCommand->handle()
#7 /opt/petra_iam_big_project/my_ldap_dashboard/vendor/laravel/framework/src/Illuminate/Container/Util.php(43): Illuminate\\Container\\BoundMethod::{closure:Illuminate\\Container\\BoundMethod::call():35}()
#8 /opt/petra_iam_big_project/my_ldap_dashboard/vendor/laravel/framework/src/Illuminate/Container/BoundMethod.php(96): Illuminate\\Container\\Util::unwrapIfClosure()
#9 /opt/petra_iam_big_project/my_ldap_dashboard/vendor/laravel/framework/src/Illuminate/Container/BoundMethod.php(35): Illuminate\\Container\\BoundMethod::callBoundMethod()
#10 /opt/petra_iam_big_project/my_ldap_dashboard/vendor/laravel/framework/src/Illuminate/Container/Container.php(799): Illuminate\\Container\\BoundMethod::call()
#11 /opt/petra_iam_big_project/my_ldap_dashboard/vendor/laravel/framework/src/Illuminate/Console/Command.php(280): Illuminate\\Container\\Container->call()
#12 /opt/petra_iam_big_project/my_ldap_dashboard/vendor/symfony/console/Command/Command.php(291): Illuminate\\Console\\Command->execute()
#13 /opt/petra_iam_big_project/my_ldap_dashboard/vendor/laravel/framework/src/Illuminate/Console/Command.php(249): Symfony\\Component\\Console\\Command\\Command->run()
#14 /opt/petra_iam_big_project/my_ldap_dashboard/vendor/symfony/console/Application.php(1107): Illuminate\\Console\\Command->run()
#15 /opt/petra_iam_big_project/my_ldap_dashboard/vendor/symfony/console/Application.php(356): Symfony\\Component\\Console\\Application->doRunCommand()
#16 /opt/petra_iam_big_project/my_ldap_dashboard/vendor/symfony/console/Application.php(195): Symfony\\Component\\Console\\Application->doRun()
#17 /opt/petra_iam_big_project/my_ldap_dashboard/vendor/laravel/framework/src/Illuminate/Foundation/Console/Kernel.php(198): Symfony\\Component\\Console\\Application->run()
#18 /opt/petra_iam_big_project/my_ldap_dashboard/vendor/laravel/framework/src/Illuminate/Foundation/Application.php(1235): Illuminate\\Foundation\\Console\\Kernel->handle()
#19 /opt/petra_iam_big_project/my_ldap_dashboard/artisan(16): Illuminate\\Foundation\\Application->handleCommand()
#20 {main}

[previous exception] [object] (PDOException(code: 23502): SQLSTATE[23502]: Not null violation: 7 ERROR:  null value in column \"uuid\" of relation \"ldap_schema_entries\" violates not-null constraint
DETAIL:  Failing row contains (520, null, 2, ldap_syntax, 1.3.6.1.4.1.1466.115.121.1.4, 1.3.6.1.4.1.1466.115.121.1.4, 1.3.6.1.4.1.1466.115.121.1.4, Audio, null, syntax, f, f, f, 1.3.6.1.4.1.1466.115.121.1.4, null, null, null, [], [], [], null, null, ( 1.3.6.1.4.1.1466.115.121.1.4 DESC 'Audio' X-NOT-HUMAN-READABLE..., ldapSyntaxes, active, 7954374313cee39ff95c96efb4ac395f801a2037, 2026-05-13 12:24:36, 2026-05-13 12:24:36, null, null, 2026-05-13 12:24:36, 2026-05-13 12:24:36, 1.3.6.1.4.1.1466.115.121.1.4, Audio, null, [], cn=Subschema, 1, 7954374313cee39ff95c96efb4ac395f801a2037). at /opt/petra_iam_big_project/my_ldap_dashboard/vendor/laravel/framework/src/Illuminate/Database/Connection.php:587)
[stacktrace]
#0 /opt/petra_iam_big_project/my_ldap_dashboard/vendor/laravel/framework/src/Illuminate/Database/Connection.php(587): PDOStatement->execute()
#1 /opt/petra_iam_big_project/my_ldap_dashboard/vendor/laravel/framework/src/Illuminate/Database/Connection.php(830): Illuminate\\Database\\Connection->{closure:Illuminate\\Database\\Connection::statement():576}()
#2 /opt/petra_iam_big_project/my_ldap_dashboard/vendor/laravel/framework/src/Illuminate/Database/Connection.php(797): Illuminate\\Database\\Connection->runQueryCallback()
#3 /opt/petra_iam_big_project/my_ldap_dashboard/vendor/laravel/framework/src/Illuminate/Database/Connection.php(576): Illuminate\\Database\\Connection->run()
#4 /opt/petra_iam_big_project/my_ldap_dashboard/vendor/laravel/framework/src/Illuminate/Database/Connection.php(540): Illuminate\\Database\\Connection->statement()
#5 /opt/petra_iam_big_project/my_ldap_dashboard/vendor/laravel/framework/src/Illuminate/Database/Query/Builder.php(4153): Illuminate\\Database\\Connection->insert()
#6 /opt/petra_iam_big_project/my_ldap_dashboard/app/Console/Commands/IamSyncLdapSchemaDirectCommand.php(340): Illuminate\\Database\\Query\\Builder->insert()
#7 /opt/petra_iam_big_project/my_ldap_dashboard/app/Console/Commands/IamSyncLdapSchemaDirectCommand.php(54): App\\Console\\Commands\\IamSyncLdapSchemaDirectCommand->storeRow()
#8 /opt/petra_iam_big_project/my_ldap_dashboard/vendor/laravel/framework/src/Illuminate/Container/BoundMethod.php(36): App\\Console\\Commands\\IamSyncLdapSchemaDirectCommand->handle()
#9 /opt/petra_iam_big_project/my_ldap_dashboard/vendor/laravel/framework/src/Illuminate/Container/Util.php(43): Illuminate\\Container\\BoundMethod::{closure:Illuminate\\Container\\BoundMethod::call():35}()
#10 /opt/petra_iam_big_project/my_ldap_dashboard/vendor/laravel/framework/src/Illuminate/Container/BoundMethod.php(96): Illuminate\\Container\\Util::unwrapIfClosure()
#11 /opt/petra_iam_big_project/my_ldap_dashboard/vendor/laravel/framework/src/Illuminate/Container/BoundMethod.php(35): Illuminate\\Container\\BoundMethod::callBoundMethod()
#12 /opt/petra_iam_big_project/my_ldap_dashboard/vendor/laravel/framework/src/Illuminate/Container/Container.php(799): Illuminate\\Container\\BoundMethod::call()
#13 /opt/petra_iam_big_project/my_ldap_dashboard/vendor/laravel/framework/src/Illuminate/Console/Command.php(280): Illuminate\\Container\\Container->call()
#14 /opt/petra_iam_big_project/my_ldap_dashboard/vendor/symfony/console/Command/Command.php(291): Illuminate\\Console\\Command->execute()
#15 /opt/petra_iam_big_project/my_ldap_dashboard/vendor/laravel/framework/src/Illuminate/Console/Command.php(249): Symfony\\Component\\Console\\Command\\Command->run()
#16 /opt/petra_iam_big_project/my_ldap_dashboard/vendor/symfony/console/Application.php(1107): Illuminate\\Console\\Command->run()
#17 /opt/petra_iam_big_project/my_ldap_dashboard/vendor/symfony/console/Application.php(356): Symfony\\Component\\Console\\Application->doRunCommand()
#18 /opt/petra_iam_big_project/my_ldap_dashboard/vendor/symfony/console/Application.php(195): Symfony\\Component\\Console\\Application->doRun()
#19 /opt/petra_iam_big_project/my_ldap_dashboard/vendor/laravel/framework/src/Illuminate/Foundation/Console/Kernel.php(198): Symfony\\Component\\Console\\Application->run()
#20 /opt/petra_iam_big_project/my_ldap_dashboard/vendor/laravel/framework/src/Illuminate/Foundation/Application.php(1235): Illuminate\\Foundation\\Console\\Kernel->handle()
#21 /opt/petra_iam_big_project/my_ldap_dashboard/artisan(16): Illuminate\\Foundation\\Application->handleCommand()
#22 {main}
"} 
